../Drivers/CMSIS/Include/core_cm4.h:2064:26:ITM_SendChar	16	static,ignoring_inline_asm
../Core/Src/main.c:71:7:analogToTemperature	16	static
../Core/Src/main.c:82:7:analogToVoltage	16	static
../Core/Src/main.c:88:6:HAL_ADC_ConvCpltCallback	24	static
../Core/Src/main.c:102:5:main	56	static
../Core/Src/main.c:157:6:SystemClock_Config	88	static
../Core/Src/main.c:212:13:MX_ADC1_Init	24	static
../Core/Src/main.c:282:13:MX_TIM2_Init	32	static
../Core/Src/main.c:327:13:MX_USART2_UART_Init	8	static
../Core/Src/main.c:360:13:MX_GPIO_Init	48	static
../Core/Src/main.c:395:5:__io_putchar	16	static
../Core/Src/main.c:406:6:Error_Handler	4	static,ignoring_inline_asm
